card 061 fit {'left': {'M': [[0, 1], [-1, 0]], 'b': [0, 0], 'residual': 0.0, 'correspondences': 16}, 'right': {'M': [[0, -1], [1, 0]], 'b': [0, 0], 'residual': 0.0, 'correspondences': 16}, 'forward': {'M': [[1, 0], [0, 1]], 'b': [0, -1], 'residual': 0.0, 'correspondences': 42}} {'left': 16, 'right': 16, 'forward': 42}
pickup admitted ['front:0', 'front:1', 'front:2', 'front:3', 'held:3', 'rel:3'] trace [{'cond': 'held:3', 'gain': 13033.02}, {'cond': 'rel:3', 'gain': 109.29}] keys 4614 groups [227, 227, 227]
pickup own tries first: alpha {'alpha': 0.000123, 'll': -0.0, 'll_neighbours_only': -174.13, 'situations': 213} admission seconds 1.3
[W1005 18:52:45.697848487 CUDACachingAllocator.cpp:3934] memory allocation failed with OOM on device 0 while trying to allocate 5653921792 bytes (free: 3579772928, total: 16608788480).
toggle admitted ['front:0', 'front:1', 'front:2', 'front:3', 'held:3', "view:('key', 'blue')", "view:('key', 'red')", "view:('key', 'purple')", "view:('key', 'grey')"] trace [{'cond': 'held:3', 'gain': 419.5}, {'cond': "view:('key', 'blue')", 'gain': 32.23}, {'cond': "view:('key', 'red')", 'gain': 28.31}, {'cond': "view:('key', 'purple')", 'gain': 20.18}, {'cond': "view:('key', 'grey')", 'gain': 13.05}] keys 4699 groups [303, 303, 331, 359, 388, 415]
toggle own tries first: alpha {'alpha': 8103.083928, 'll': -91.99, 'll_neighbours_only': -70.93, 'situations': 346} admission seconds 4.0
drop admitted ['front:0', 'front:1', 'front:2', 'front:3', 'held:3'] trace [{'cond': 'held:3', 'gain': 216506.72}] keys 4357 groups [220, 220]
drop own tries first: alpha {'alpha': 0.000123, 'll': -0.0, 'll_neighbours_only': -904.3, 'situations': 209} admission seconds 0.9
card 061 {'rows': 439728, 'observed_share': 0.1143, 'move_outcome_differs_from_full_view': {'left': 0, 'right': 0, 'forward': 0}, 'moves': {'left': {'M': [[0, 1], [-1, 0]], 'b': [0, 0], 'residual': 0.0, 'correspondences': 16}, 'right': {'M': [[0, -1], [1, 0]], 'b': [0, 0], 'residual': 0.0, 'correspondences': 16}, 'forward': {'M': [[1, 0], [0, 1]], 'b': [0, -1], 'residual': 0.0, 'correspondences': 42}}, 'same_transformations_as_full_view': True, 'correspondences_used': {'left': 16, 'right': 16, 'forward': 42}, 'unseen_appearance': {'partial': 5, 'full_view': 5, 'same': True}, 'undraw_same_as_full_view': {'centre_appearances': 7, 'same': 7, 'differ': [], 'stepped_on_from_front': 7, 'differ_tiles': [], 'full_view_result_is_a_tile': [], 'partial_result_tiles': []}, 'believed_ctx': {'tries': 258051, 'tries_whose_view_set_differs': 174862, 'appearances_in_view_mean': [5.5, 4.79]}}
tier 2 toggle a locked door: (colour, category with its key [1 = opens], other keys predicted unchanged of 5, holding nothing, closed unlocked door holding nothing, openable)
  ('red', 1, 0, 0, 1, True)
  ('green', 1, 5, 0, 1, True)
  ('blue', 1, 2, 0, 1, False)
  ('purple', 1, 1, 0, 1, True)
  ('yellow', 1, 5, 0, 1, True)
  ('grey', 1, 2, 0, 1, True)
tier 2 per colour: (colour, open door walkable (recall's forward kind), opened situations held this key, forward tries onto the open door in memory)
  red True 1 21
  green True 1 17
  blue True 1 22
  purple True 1 19
  yellow True 1 16
  grey True 1 29
tier 2 per colour, card 047's test: each situation where memory saw a thing made walkable, with the locked door in front: (action, held, category, predicted front after, walkable)
  red pickup 0 0 None None
  red toggle 0 0 None None
  red toggle 0 0 None None
  red toggle 0 0 None None
  red toggle 0 0 None None
  red toggle 0 0 None None
  red toggle 60 1 25 True
  red toggle 65 1 25 True
  red toggle 70 1 25 True
  red toggle 75 1 25 True
  red toggle 75 1 25 True
  red toggle 75 1 25 True
  red toggle 75 1 25 True
  red toggle 75 0 None None
  red toggle 80 1 25 True
  red toggle 80 1 25 True
  red toggle 80 1 25 True
  red toggle 80 1 25 True
  red toggle 80 0 None None
  red toggle 90 1 25 True
  red toggle 110 1 25 True
  red toggle 115 1 25 True
  red toggle 150 1 25 True
  red toggle 150 1 25 True
  red toggle 150 1 25 True
  red toggle 155 1 25 True
  red toggle 155 1 25 True
  red toggle 155 1 25 True
  red toggle 155 0 None None
  red toggle 155 0 None None
  red toggle 160 1 25 True
  red toggle 160 1 25 True
  red toggle 160 1 25 True
  red toggle 160 1 25 True
  red toggle 160 0 None None
  red toggle 165 1 25 True
  red toggle 165 1 25 True
  red toggle 165 1 25 True
  red toggle 165 1 25 True
  red toggle 165 0 None None
  green pickup 0 0 None None
  green toggle 0 0 None None
  green toggle 0 0 None None
  green toggle 0 0 None None
  green toggle 0 0 None None
  green toggle 0 0 None None
  green toggle 60 0 None None
  green toggle 65 1 40 True
  green toggle 70 0 None None
  green toggle 75 1 40 True
  green toggle 75 0 None None
  green toggle 75 0 None None
  green toggle 75 0 None None
  green toggle 75 1 40 True
  green toggle 80 0 None None
  green toggle 80 0 None None
  green toggle 80 0 None None
  green toggle 80 0 None None
  green toggle 80 1 40 True
  green toggle 90 0 None None
  green toggle 110 0 None None
  green toggle 115 0 None None
  green toggle 150 1 40 True
  green toggle 150 0 None None
  green toggle 150 0 None None
  green toggle 155 0 None None
  green toggle 155 0 None None
  green toggle 155 0 None None
  green toggle 155 1 40 True
  green toggle 155 0 None None
  green toggle 160 1 40 True
  green toggle 160 0 None None
  green toggle 160 0 None None
  green toggle 160 0 None None
  green toggle 160 1 40 True
  green toggle 165 0 None None
  green toggle 165 0 None None
  green toggle 165 0 None None
  green toggle 165 0 None None
  green toggle 165 1 40 True
  blue pickup 0 0 None None
  blue toggle 0 0 None None
  blue toggle 0 0 None None
  blue toggle 0 0 None None
  blue toggle 0 0 None None
  blue toggle 0 0 None None
  blue toggle 60 1 197 False
  blue toggle 65 0 None None
  blue toggle 70 1 196 False
  blue toggle 75 1 200 False
  blue toggle 75 1 200 False
  blue toggle 75 1 200 False
  blue toggle 75 0 None None
  blue toggle 75 1 200 False
  blue toggle 80 1 201 False
  blue toggle 80 1 201 False
  blue toggle 80 1 201 False
  blue toggle 80 0 None None
  blue toggle 80 1 201 False
  blue toggle 90 1 197 False
  blue toggle 110 0 None None
  blue toggle 115 1 198 False
  blue toggle 150 1 202 False
  blue toggle 150 1 202 False
  blue toggle 150 0 None None
  blue toggle 155 1 203 False
  blue toggle 155 1 203 False
  blue toggle 155 0 None None
  blue toggle 155 1 203 False
  blue toggle 155 0 None None
  blue toggle 160 1 200 False
  blue toggle 160 1 200 False
  blue toggle 160 1 200 False
  blue toggle 160 0 None None
  blue toggle 160 1 200 False
  blue toggle 165 1 204 False
  blue toggle 165 1 204 False
  blue toggle 165 1 204 False
  blue toggle 165 0 None None
  blue toggle 165 1 204 False
  purple pickup 0 0 None None
  purple toggle 0 0 None None
  purple toggle 0 0 None None
  purple toggle 0 0 None None
  purple toggle 0 0 None None
  purple toggle 0 1 105 True
  purple toggle 60 1 105 True
  purple toggle 65 1 105 True
  purple toggle 70 1 105 True
  purple toggle 75 1 105 True
  purple toggle 75 1 105 True
  purple toggle 75 0 None None
  purple toggle 75 1 105 True
  purple toggle 75 1 105 True
  purple toggle 80 1 105 True
  purple toggle 80 0 None None
  purple toggle 80 1 105 True
  purple toggle 80 1 105 True
  purple toggle 80 1 105 True
  purple toggle 90 1 105 True
  purple toggle 110 0 None None
  purple toggle 115 1 105 True
  purple toggle 150 1 105 True
  purple toggle 150 0 None None
  purple toggle 150 1 105 True
  purple toggle 155 1 105 True
  purple toggle 155 0 None None
  purple toggle 155 1 105 True
  purple toggle 155 1 105 True
  purple toggle 155 1 105 True
  purple toggle 160 1 105 True
  purple toggle 160 1 105 True
  purple toggle 160 0 None None
  purple toggle 160 1 105 True
  purple toggle 160 1 105 True
  purple toggle 165 1 105 True
  purple toggle 165 0 None None
  purple toggle 165 0 None None
  purple toggle 165 1 105 True
  purple toggle 165 1 105 True
  yellow pickup 0 0 None None
  yellow toggle 0 0 None None
  yellow toggle 0 0 None None
  yellow toggle 0 0 None None
  yellow toggle 0 0 None None
  yellow toggle 0 0 None None
  yellow toggle 60 0 None None
  yellow toggle 65 0 None None
  yellow toggle 70 0 None None
  yellow toggle 75 1 205 True
  yellow toggle 75 0 None None
  yellow toggle 75 0 None None
  yellow toggle 75 0 None None
  yellow toggle 75 1 205 True
  yellow toggle 80 0 None None
  yellow toggle 80 0 None None
  yellow toggle 80 1 206 True
  yellow toggle 80 0 None None
  yellow toggle 80 1 206 True
  yellow toggle 90 0 None None
  yellow toggle 110 1 130 True
  yellow toggle 115 0 None None
  yellow toggle 150 1 207 True
  yellow toggle 150 0 None None
  yellow toggle 150 0 None None
  yellow toggle 155 0 None None
  yellow toggle 155 0 None None
  yellow toggle 155 0 None None
  yellow toggle 155 1 208 True
  yellow toggle 155 0 None None
  yellow toggle 160 0 None None
  yellow toggle 160 0 None None
  yellow toggle 160 0 None None
  yellow toggle 160 0 None None
  yellow toggle 160 1 209 True
  yellow toggle 165 1 210 True
  yellow toggle 165 0 None None
  yellow toggle 165 0 None None
  yellow toggle 165 0 None None
  yellow toggle 165 1 210 True
  grey pickup 0 0 None None
  grey toggle 0 0 None None
  grey toggle 0 0 None None
  grey toggle 0 0 None None
  grey toggle 0 0 None None
  grey toggle 0 1 145 True
  grey toggle 60 1 145 True
  grey toggle 65 1 145 True
  grey toggle 70 0 None None
  grey toggle 75 0 None None
  grey toggle 75 1 145 True
  grey toggle 75 1 145 True
  grey toggle 75 1 145 True
  grey toggle 75 1 145 True
  grey toggle 80 1 145 True
  grey toggle 80 1 145 True
  grey toggle 80 0 None None
  grey toggle 80 1 145 True
  grey toggle 80 1 145 True
  grey toggle 90 1 145 True
  grey toggle 110 0 None None
  grey toggle 115 1 145 True
  grey toggle 150 0 None None
  grey toggle 150 1 145 True
  grey toggle 150 1 145 True
  grey toggle 155 0 None None
  grey toggle 155 1 145 True
  grey toggle 155 1 145 True
  grey toggle 155 1 145 True
  grey toggle 155 0 None None
  grey toggle 160 0 None None
  grey toggle 160 1 145 True
  grey toggle 160 1 145 True
  grey toggle 160 1 145 True
  grey toggle 160 1 145 True
  grey toggle 165 0 None None
  grey toggle 165 1 145 True
  grey toggle 165 1 145 True
  grey toggle 165 1 145 True
  grey toggle 165 1 145 True
